border_size=1
usage=map

Xu          , Xu          , Xu          , Xu          , Xu          , Xu          , Xu          , Xu          , Ww          , Ww          , Xu          , Ww          , Ww          , Xu          , Xu          , Xu          , Xu          , Xu          , Xu          , Xu          , Xu          , Xu          
Xu          , Cud         , 2 Kud       , Xu          , Xu          , Xu          , Xu          , Xu          , Ww          , Xu          , Xu          , Ww          , Ww          , Xu          , Xu          , Xu          , Xu          , Xu          , Xu          , Xu          , Xu          , Xu          
Xu          , Cud         , Cud         , Cud         , Xu          , Xu          , Uu          , Xu          , Xu          , Ww^Bw\r     , Uu          , Ww^Bw/r     , Xu          , Xu          , Xu          , Xu          , 3 Kud       , Xu          , Xu          , Xu          , Xu          , Xu          
Xu          , Uu          , Xu          , Uu          , Xu          , Xu          , Uu          , Xu          , Xu          , Xu          , Uu          , Xu          , Xu          , Xu          , Xu          , Cud         , Cud         , Cud         , Uu          , Xu          , Xu          , Xu          
Xu          , Uu          , Xu          , Uu          , Uu          , Uu          , Uu          , Xu          , Xu          , Xu          , Uu          , Xu          , Xu          , Xu          , Xu          , Uu          , Uu          , Uu          , Uu          , Xu          , Xu          , Xu          
Xu          , Uu          , Xu          , Xu          , Xu          , Uu^Vu       , Uu          , Xu          , Uu          , Uu          , Uu          , Xu          , Xu          , Uu          , Uu          , Xu          , Xu          , Uu          , Uu          , Xu          , Xu          , Xu          
Xu          , Uu          , Uu          , Xu          , Xu          , Xu          , Uu          , Uu          , Xu          , Xu          , Uu          , Xu          , Xu          , Uu          , Uu          , Xu          , Xu          , Xu          , Xu          , Uu^Vu       , Xu          , Xu          
Xu          , Uu          , Uu          , Xu          , Uu          , Uu          , Uu          , Xu          , Xu          , Xu          , Uu          , Uu          , Uu          , Uu          , Uu          , Xu          , Xu          , Xu          , Uu          , Uu          , Xu          , Xu          
Xu          , Uu          , Xu          , Xu          , Uu          , Xu          , Uu          , Xu          , Xu          , Xu          , Xu          , Uu          , Xu          , Uu          , Xu          , Xu          , Xu          , Xu          , Uu          , Uu          , Uu          , Xu          
Xu          , Xu          , Xu          , Xu          , Uu          , Uu          , Xu          , Xu          , Xu          , Xu          , Xu          , Uu          , Xu          , Xu          , Uu          , Xu          , Xu          , Xu          , Xu          , Uu          , Uu          , Xu          
Xu          , Xu          , Xu          , Uu          , Uu          , Xu          , Xu          , Uu          , Uu          , Xu          , Uu          , Uu          , Xu          , Uu          , Uu          , Uu          , Xu          , Xu          , Xu          , Xu          , Uu          , Xu          
Xu          , Xu          , Xu          , Uu          , Uu          , Xu          , Uu          , Uu          , Uu          , Xu          , Xu          , Xu          , Uu^Vu       , Uu          , Xu          , Uu          , Uu          , Uu          , Uu          , Xu          , Uu          , Xu          
Xu          , Xu          , Xu          , Xu          , Xu          , Uu          , Uu          , Xu          , Uu          , Uu          , Uu          , Uu          , Uu          , Xu          , Xu          , Xu          , Uu          , Xu          , Xu          , Uu^Vu       , Xu          , Xu          
Xu          , Xu          , Xu          , Xu          , Uu^Vu       , Uu          , Uu          , Xu          , Xu          , Xu          , Xu          , Xu          , Xu          , Xu          , Xu          , Xu          , Uu          , Xu          , Xu          , Xu          , Xu          , Xu          
Xu          , Xu          , Xu          , Xu          , Uu          , Xu          , Uu          , Xu          , Xu          , Xu          , Xu          , Xu          , Xu          , Xu          , Xu          , Xu          , Uu          , Xu          , Uu          , Uu          , Uu          , Xu          
Xu          , Xu          , Uu          , Uu          , Uu          , Xu          , Uu          , Xu          , Xu          , Xu          , Uu          , Xu          , Xu          , Xu          , Uu^Vu       , Xu          , Uu          , Xu          , Uu          , Xu          , Uu          , Xu          
Xu          , Uu          , Xu          , Xu          , Uu          , Xu          , Uu          , Xu          , Xu          , Uu          , Uu          , Uu          , Xu          , Xu          , Uu          , Xu          , Uu          , Xu          , Uu          , Xu          , Uu          , Xu          
Xu          , Uu          , Xu          , Uu^Vu       , Xu          , Xu          , Uu          , Xu          , Uu^Vu       , Uu          , Xu          , Uu          , Uu          , Xu          , Uu          , Xu          , Xu          , Uu          , Xu          , Xu          , Uu          , Xu          
Xu          , Uu          , Xu          , Xu          , Xu          , Xu          , Uu          , Xu          , Xu          , Uu          , Uu          , Xu          , Xu          , Uu          , Xu          , Uu          , Xu          , Xu          , Xu          , Xu          , Uu          , Xu          
Xu          , Uu          , Uu^Vu       , Uu          , Xu          , Xu          , Uu          , Uu          , Xu          , Cud         , 1 Kud       , Cud         , Xu          , Uu          , Xu          , Xu          , Uu          , Uu          , Uu          , Xu          , Uu          , Xu          
Xu          , Xu          , Xu          , Uu          , Xu          , Uu^Vu       , Uu          , Uu          , Xu          , Cud         , Hh          , Cud         , Xu          , Uu          , Uu          , Uu          , Xu          , Uu          , Xu          , Uu          , Xu          , Xu          
Xu          , Xu          , Xu          , Xu          , Xu          , Xu          , Xu          , Xu          , Xu          , Xu          , Hh          , Xu          , Xu          , Xu          , Xu          , Xu          , Xu          , Xu          , Xu          , Xu          , Xu          , Xu          
